
> burne-ui@1.2.1 build-storybook
> storybook build -o storybook-static --output-dir=/private/var/folders/yj/46014wf90tg5ws6tzn1w0lh00000gn/T/chromatic--60435-Xd2WMx1dg2q6


[90m┌[39m  Building storybook v10.4.6
[90m│[39m
[32m◇[39m  Cleaning outputDir:
[90m│[39m  [36m../../../../../private/var/folders/yj/46014wf90tg5ws6tzn1w0lh00000gn/T/chromatic--60435-Xd2WMx1dg2q6[39m
[90m│[39m
[32m◇[39m  Loading presets
[90m│[39m
[32m◇[39m  Building manager..
[90m│[39m
[34m●[39m  Building preview..
[90m│[39m  [43mVite[49m [36mvite v6.4.2 [32mbuilding for production...[36m[39m
[90m│[39m  [43mVite[49m transforming...
[90m│[39m  [43mVite[49m [32m✓[39m 450 modules transformed.
[90m│[39m  [43mVite[49m rendering chunks...
[90m│[39m  [43mVite[49m computing gzip size...
[90m│[39m  [43mVite[49m
[90m│[39m  [2m../../../../../private/var/folders/yj/46014wf90tg5ws6tzn1w0lh00000gn/T/chromatic--60435-Xd2WMx1dg2q6/[22m[32miframe.html[39m[1m[2m[22m
[90m│[39m  [2m18.87 kB[22m[1m[22m[2m │ gzip:   5.31 kB[22m
[90m│[39m  [43mVite[49m
[90m│[39m  [2m../../../../../private/var/folders/yj/46014wf90tg5ws6tzn1w0lh00000gn/T/chromatic--60435-Xd2WMx1dg2q6/[22m[2massets/[22m[35mglossPanel-DhhrBicv.css[39m[1m[2m[22m
[90m│[39m  [2m3.55 kB[22m[1m[22m[2m │ gzip:   1.02 kB[22m
[90m│[39m  [43mVite[49m
[90m│[39m  [2m../../../../../private/var/folders/yj/46014wf90tg5ws6tzn1w0lh00000gn/T/chromatic--60435-Xd2WMx1dg2q6/[22m[2massets/[22m[35mglossInteractive-L7LFHbV-.css[39m[1m[2m[22m
[90m│[39m  [2m4.04 kB[22m[1m[22m[2m │ gzip:   1.13 kB[22m
[90m│[39m  [43mVite[49m
[90m│[39m  [2m../../../../../private/var/folders/yj/46014wf90tg5ws6tzn1w0lh00000gn/T/chromatic--60435-Xd2WMx1dg2q6/[22m[2massets/[22m[35miframe-GoFq35eE.css[39m[1m[2m[22m
[90m│[39m  [2m103.65 kB[22m[1m[22m[2m │ gzip:  16.30 kB[22m
[90m│[39m  [43mVite[49m
[90m│[39m  [2m../../../../../private/var/folders/yj/46014wf90tg5ws6tzn1w0lh00000gn/T/chromatic--60435-Xd2WMx1dg2q6/[22m[2massets/[22m[36mcomponentSize-CKNukGXZ.js[39m[1m[2m[22m
[90m│[39m  [2m0.06 kB[22m[1m[22m[2m │ gzip:   0.08 kB[22m
[90m│[39m  [43mVite[49m
[90m│[39m  [2m../../../../../private/var/folders/yj/46014wf90tg5ws6tzn1w0lh00000gn/T/chromatic--60435-Xd2WMx1dg2q6/[22m[2massets/[22m[36msliderThickness-PeuNh7TD.js[39m[1m[2m[22m
[90m│[39m  [2m0.07 kB[22m[1m[22m[2m │ gzip:   0.09 kB[22m
[90m│[39m  [43mVite[49m
[90m│[39m  [2m../../../../../private/var/folders/yj/46014wf90tg5ws6tzn1w0lh00000gn/T/chromatic--60435-Xd2WMx1dg2q6/[22m[2massets/[22m[36mhasCompoundChildren-C5iB4JWw.js[39m[1m[2m[22m
[90m│[39m  [2m0.12 kB[22m[1m[22m[2m │ gzip:   0.14 kB[22m
[90m│[39m  [43mVite[49m
[90m│[39m  [2m../../../../../private/var/folders/yj/46014wf90tg5ws6tzn1w0lh00000gn/T/chromatic--60435-Xd2WMx1dg2q6/[22m[2massets/[22m[36mindex-L3pjKZEU.js[39m[1m[2m[22m
[90m│[39m  [2m0.13 kB[22m[1m[22m[2m │ gzip:   0.12 kB[22m
[90m│[39m  [43mVite[49m
[90m│[39m  [2m../../../../../private/var/folders/yj/46014wf90tg5ws6tzn1w0lh00000gn/T/chromatic--60435-Xd2WMx1dg2q6/[22m[2massets/[22m[36mmodalPanelLayout-D-ZIfNIJ.js[39m[1m[2m[22m
[90m│[39m  [2m0.20 kB[22m[1m[22m[2m │ gzip:   0.14 kB[22m
[90m│[39m  [43mVite[49m
[90m│[39m  [2m../../../../../private/var/folders/yj/46014wf90tg5ws6tzn1w0lh00000gn/T/chromatic--60435-Xd2WMx1dg2q6/[22m[2massets/[22m[36mbuttonLayout-DnfFX-vd.js[39m[1m[2m[22m
[90m│[39m  [2m0.27 kB[22m[1m[22m[2m │ gzip:   0.21 kB[22m
[90m│[39m  [43mVite[49m
[90m│[39m  [2m../../../../../private/var/folders/yj/46014wf90tg5ws6tzn1w0lh00000gn/T/chromatic--60435-Xd2WMx1dg2q6/[22m[2massets/[22m[36mmockImages-DM1y5T1m.js[39m[1m[2m[22m
[90m│[39m  [2m0.35 kB[22m[1m[22m[2m │ gzip:   0.22 kB[22m
[90m│[39m  [43mVite[49m
[90m│[39m  [2m../../../../../private/var/folders/yj/46014wf90tg5ws6tzn1w0lh00000gn/T/chromatic--60435-Xd2WMx1dg2q6/[22m[2massets/[22m[36mformatter-L2YTDE3Q-CVYer2Xp.js[39m[1m[2m[22m
[90m│[39m  [2m0.35 kB[22m[1m[22m[2m │ gzip:   0.26 kB[22m
[90m│[39m  [43mVite[49m
[90m│[39m  [2m../../../../../private/var/folders/yj/46014wf90tg5ws6tzn1w0lh00000gn/T/chromatic--60435-Xd2WMx1dg2q6/[22m[2massets/[22m[36minputAffixLayout-h5bitSdT.js[39m[1m[2m[22m
[90m│[39m  [2m0.37 kB[22m[1m[22m[2m │ gzip:   0.25 kB[22m
[90m│[39m  [43mVite[49m
[90m│[39m  [2m../../../../../private/var/folders/yj/46014wf90tg5ws6tzn1w0lh00000gn/T/chromatic--60435-Xd2WMx1dg2q6/[22m[2massets/[22m[36mglossStoryChrome-mBWWNl4X.js[39m[1m[2m[22m
[90m│[39m  [2m0.48 kB[22m[1m[22m[2m │ gzip:   0.35 kB[22m
[90m│[39m  [43mVite[49m
[90m│[39m  [2m../../../../../private/var/folders/yj/46014wf90tg5ws6tzn1w0lh00000gn/T/chromatic--60435-Xd2WMx1dg2q6/[22m[2massets/[22m[36museFieldShellHoverLift-C7haeImc.js[39m[1m[2m[22m
[90m│[39m  [2m0.54 kB[22m[1m[22m[2m │ gzip:   0.33 kB[22m
[90m│[39m  [43mVite[49m
[90m│[39m  [2m../../../../../private/var/folders/yj/46014wf90tg5ws6tzn1w0lh00000gn/T/chromatic--60435-Xd2WMx1dg2q6/[22m[2massets/[22m[36mcontrolHeightMeasure-D0qBF9hk.js[39m[1m[2m[22m
[90m│[39m  [2m0.59 kB[22m[1m[22m[2m │ gzip:   0.36 kB[22m
[90m│[39m  [43mVite[49m
[90m│[39m  [2m../../../../../private/var/folders/yj/46014wf90tg5ws6tzn1w0lh00000gn/T/chromatic--60435-Xd2WMx1dg2q6/[22m[2massets/[22m[36mForm-RFlXt_4w.js[39m[1m[2m[22m
[90m│[39m  [2m0.71 kB[22m[1m[22m[2m │ gzip:   0.38 kB[22m
[90m│[39m  [43mVite[49m
[90m│[39m  [2m../../../../../private/var/folders/yj/46014wf90tg5ws6tzn1w0lh00000gn/T/chromatic--60435-Xd2WMx1dg2q6/[22m[2massets/[22m[36museChevronRotation-8zUYhkXJ.js[39m[1m[2m[22m
[90m│[39m  [2m0.71 kB[22m[1m[22m[2m │ gzip:   0.42 kB[22m
[90m│[39m  [43mVite[49m
[90m│[39m  [2m../../../../../private/var/folders/yj/46014wf90tg5ws6tzn1w0lh00000gn/T/chromatic--60435-Xd2WMx1dg2q6/[22m[2massets/[22m[36mdualApiStorySource-9jvE2Cpw.js[39m[1m[2m[22m
[90m│[39m  [2m0.90 kB[22m[1m[22m[2m │ gzip:   0.50 kB[22m
[90m│[39m  [43mVite[49m
[90m│[39m  [2m../../../../../private/var/folders/yj/46014wf90tg5ws6tzn1w0lh00000gn/T/chromatic--60435-Xd2WMx1dg2q6/[22m[2massets/[22m[36museToggleButtonFillAnimation-CTjIGi_Q.js[39m[1m[2m[22m
[90m│[39m  [2m0.90 kB[22m[1m[22m[2m │ gzip:   0.51 kB[22m
[90m│[39m  [43mVite[49m
[90m│[39m  [2m../../../../../private/var/folders/yj/46014wf90tg5ws6tzn1w0lh00000gn/T/chromatic--60435-Xd2WMx1dg2q6/[22m[2massets/[22m[36mSeparator-BnDxFaqg.js[39m[1m[2m[22m
[90m│[39m  [2m0.93 kB[22m[1m[22m[2m │ gzip:   0.50 kB[22m
[90m│[39m  [43mVite[49m
[90m│[39m  [2m../../../../../private/var/folders/yj/46014wf90tg5ws6tzn1w0lh00000gn/T/chromatic--60435-Xd2WMx1dg2q6/[22m[2massets/[22m[36mtest-utils-DyJFR1on.js[39m[1m[2m[22m
[90m│[39m  [2m1.13 kB[22m[1m[22m[2m │ gzip:   0.70 kB[22m
[90m│[39m  [43mVite[49m
[90m│[39m  [2m../../../../../private/var/folders/yj/46014wf90tg5ws6tzn1w0lh00000gn/T/chromatic--60435-Xd2WMx1dg2q6/[22m[2massets/[22m[36museShadowMotion-C2VEUya7.js[39m[1m[2m[22m
[90m│[39m  [2m1.20 kB[22m[1m[22m[2m │ gzip:   0.51 kB[22m
[90m│[39m  [43mVite[49m
[90m│[39m  [2m../../../../../private/var/folders/yj/46014wf90tg5ws6tzn1w0lh00000gn/T/chromatic--60435-Xd2WMx1dg2q6/[22m[2massets/[22m[36mmodalSurfaceMotion-EarsKlV-.js[39m[1m[2m[22m
[90m│[39m  [2m1.20 kB[22m[1m[22m[2m │ gzip:   0.56 kB[22m
[90m│[39m  [43mVite[49m
[90m│[39m  [2m../../../../../private/var/folders/yj/46014wf90tg5ws6tzn1w0lh00000gn/T/chromatic--60435-Xd2WMx1dg2q6/[22m[2massets/[22m[36mbuttonGroupSegment-DWz7q4e3.js[39m[1m[2m[22m
[90m│[39m  [2m1.20 kB[22m[1m[22m[2m │ gzip:   0.50 kB[22m
[90m│[39m  [43mVite[49m
[90m│[39m  [2m../../../../../private/var/folders/yj/46014wf90tg5ws6tzn1w0lh00000gn/T/chromatic--60435-Xd2WMx1dg2q6/[22m[2massets/[22m[36mburneLightTheme-BeZiObcv.js[39m[1m[2m[22m
[90m│[39m  [2m1.24 kB[22m[1m[22m[2m │ gzip:   0.59 kB[22m
[90m│[39m  [43mVite[49m
[90m│[39m  [2m../../../../../private/var/folders/yj/46014wf90tg5ws6tzn1w0lh00000gn/T/chromatic--60435-Xd2WMx1dg2q6/[22m[2massets/[22m[36mpreload-helper-Dp1pzeXC.js[39m[1m[2m[22m
[90m│[39m  [2m1.27 kB[22m[1m[22m[2m │ gzip:   0.73 kB[22m
[90m│[39m  [43mVite[49m
[90m│[39m  [2m../../../../../private/var/folders/yj/46014wf90tg5ws6tzn1w0lh00000gn/T/chromatic--60435-Xd2WMx1dg2q6/[22m[2massets/[22m[36mText-b6_fdJ7v.js[39m[1m[2m[22m
[90m│[39m  [2m1.28 kB[22m[1m[22m[2m │ gzip:   0.55 kB[22m
[90m│[39m  [43mVite[49m
[90m│[39m  [2m../../../../../private/var/folders/yj/46014wf90tg5ws6tzn1w0lh00000gn/T/chromatic--60435-Xd2WMx1dg2q6/[22m[2massets/[22m[36malertUtils-C54MUbs3.js[39m[1m[2m[22m
[90m│[39m  [2m1.28 kB[22m[1m[22m[2m │ gzip:   0.59 kB[22m
[90m│[39m  [43mVite[49m
[90m│[39m  [2m../../../../../private/var/folders/yj/46014wf90tg5ws6tzn1w0lh00000gn/T/chromatic--60435-Xd2WMx1dg2q6/[22m[2massets/[22m[36msemanticStatusIcons-BhfrlQV3.js[39m[1m[2m[22m
[90m│[39m  [2m1.48 kB[22m[1m[22m[2m │ gzip:   0.58 kB[22m
[90m│[39m  [43mVite[49m
[90m│[39m  [2m../../../../../private/var/folders/yj/46014wf90tg5ws6tzn1w0lh00000gn/T/chromatic--60435-Xd2WMx1dg2q6/[22m[2massets/[22m[36moptionControlGridLayout-ftL3l-Bn.js[39m[1m[2m[22m
[90m│[39m  [2m1.49 kB[22m[1m[22m[2m │ gzip:   0.50 kB[22m
[90m│[39m  [43mVite[49m
[90m│[39m  [2m../../../../../private/var/folders/yj/46014wf90tg5ws6tzn1w0lh00000gn/T/chromatic--60435-Xd2WMx1dg2q6/[22m[2massets/[22m[36mcontrolSizeLayout-Bd-UgtX9.js[39m[1m[2m[22m
[90m│[39m  [2m1.50 kB[22m[1m[22m[2m │ gzip:   0.38 kB[22m
[90m│[39m  [43mVite[49m
[90m│[39m  [2m../../../../../private/var/folders/yj/46014wf90tg5ws6tzn1w0lh00000gn/T/chromatic--60435-Xd2WMx1dg2q6/[22m[2massets/[22m[36mtooltipPosition-BjZpITF-.js[39m[1m[2m[22m
[90m│[39m  [2m1.65 kB[22m[1m[22m[2m │ gzip:   0.59 kB[22m
[90m│[39m  [43mVite[49m
[90m│[39m  [2m../../../../../private/var/folders/yj/46014wf90tg5ws6tzn1w0lh00000gn/T/chromatic--60435-Xd2WMx1dg2q6/[22m[2massets/[22m[36mSelectionIndicator-CHfCu0jE.js[39m[1m[2m[22m
[90m│[39m  [2m1.88 kB[22m[1m[22m[2m │ gzip:   0.82 kB[22m
[90m│[39m  [43mVite[49m
[90m│[39m  [2m../../../../../private/var/folders/yj/46014wf90tg5ws6tzn1w0lh00000gn/T/chromatic--60435-Xd2WMx1dg2q6/[22m[2massets/[22m[36museCollapsibleHeight-CO_exsgD.js[39m[1m[2m[22m
[90m│[39m  [2m1.89 kB[22m[1m[22m[2m │ gzip:   0.73 kB[22m
[90m│[39m  [43mVite[49m
[90m│[39m  [2m../../../../../private/var/folders/yj/46014wf90tg5ws6tzn1w0lh00000gn/T/chromatic--60435-Xd2WMx1dg2q6/[22m[2massets/[22m[36moptionGroupFieldset-Bf1uNCKG.js[39m[1m[2m[22m
[90m│[39m  [2m1.92 kB[22m[1m[22m[2m │ gzip:   0.73 kB[22m
[90m│[39m  [43mVite[49m
[90m│[39m  [2m../../../../../private/var/folders/yj/46014wf90tg5ws6tzn1w0lh00000gn/T/chromatic--60435-Xd2WMx1dg2q6/[22m[2massets/[22m[36mLoading-Dn889DB6.js[39m[1m[2m[22m
[90m│[39m  [2m1.94 kB[22m[1m[22m[2m │ gzip:   0.81 kB[22m
[90m│[39m  [43mVite[49m
[90m│[39m  [2m../../../../../private/var/folders/yj/46014wf90tg5ws6tzn1w0lh00000gn/T/chromatic--60435-Xd2WMx1dg2q6/[22m[2massets/[22m[36museSelectionIndicatorAnimation-CxY5wFGt.js[39m[1m[2m[22m
[90m│[39m  [2m2.21 kB[22m[1m[22m[2m │ gzip:   0.98 kB[22m
[90m│[39m  [43mVite[49m
[90m│[39m  [2m../../../../../private/var/folders/yj/46014wf90tg5ws6tzn1w0lh00000gn/T/chromatic--60435-Xd2WMx1dg2q6/[22m[2massets/[22m[36mTypography.stories-CfjV6c6e.js[39m[1m[2m[22m
[90m│[39m  [2m2.67 kB[22m[1m[22m[2m │ gzip:   1.06 kB[22m
[90m│[39m  [43mVite[49m
[90m│[39m  [2m../../../../../private/var/folders/yj/46014wf90tg5ws6tzn1w0lh00000gn/T/chromatic--60435-Xd2WMx1dg2q6/[22m[2massets/[22m[36moptionListItemStoryLayouts-C6XUu4bx.js[39m[1m[2m[22m
[90m│[39m  [2m2.78 kB[22m[1m[22m[2m │ gzip:   1.15 kB[22m
[90m│[39m  [43mVite[49m
[90m│[39m  [2m../../../../../private/var/folders/yj/46014wf90tg5ws6tzn1w0lh00000gn/T/chromatic--60435-Xd2WMx1dg2q6/[22m[2massets/[22m[36mscaleFieldRootClassName-4BlcTA3N.js[39m[1m[2m[22m
[90m│[39m  [2m2.97 kB[22m[1m[22m[2m │ gzip:   1.01 kB[22m
[90m│[39m  [43mVite[49m
[90m│[39m  [2m../../../../../private/var/folders/yj/46014wf90tg5ws6tzn1w0lh00000gn/T/chromatic--60435-Xd2WMx1dg2q6/[22m[2massets/[22m[36mhoverVariant-CGQyfOJI.js[39m[1m[2m[22m
[90m│[39m  [2m3.02 kB[22m[1m[22m[2m │ gzip:   0.54 kB[22m
[90m│[39m  [43mVite[49m
[90m│[39m  [2m../../../../../private/var/folders/yj/46014wf90tg5ws6tzn1w0lh00000gn/T/chromatic--60435-Xd2WMx1dg2q6/[22m[2massets/[22m[36mSelectionThumb-Cgpb4Ea7.js[39m[1m[2m[22m
[90m│[39m  [2m3.09 kB[22m[1m[22m[2m │ gzip:   0.94 kB[22m
[90m│[39m  [43mVite[49m
[90m│[39m  [2m../../../../../private/var/folders/yj/46014wf90tg5ws6tzn1w0lh00000gn/T/chromatic--60435-Xd2WMx1dg2q6/[22m[2massets/[22m[36mindex-D2K3Z6cs.js[39m[1m[2m[22m
[90m│[39m  [2m3.41 kB[22m[1m[22m[2m │ gzip:   1.26 kB[22m
[90m│[39m  [43mVite[49m
[90m│[39m  [2m../../../../../private/var/folders/yj/46014wf90tg5ws6tzn1w0lh00000gn/T/chromatic--60435-Xd2WMx1dg2q6/[22m[2massets/[22m[36moptionListItemParts-CXsCLYBk.js[39m[1m[2m[22m
[90m│[39m  [2m3.97 kB[22m[1m[22m[2m │ gzip:   1.40 kB[22m
[90m│[39m  [43mVite[49m
[90m│[39m  [2m../../../../../private/var/folders/yj/46014wf90tg5ws6tzn1w0lh00000gn/T/chromatic--60435-Xd2WMx1dg2q6/[22m[2massets/[22m[36mText.stories-BJN36OBF.js[39m[1m[2m[22m
[90m│[39m  [2m4.39 kB[22m[1m[22m[2m │ gzip:   1.48 kB[22m
[90m│[39m  [43mVite[49m
[90m│[39m  [2m../../../../../private/var/folders/yj/46014wf90tg5ws6tzn1w0lh00000gn/T/chromatic--60435-Xd2WMx1dg2q6/[22m[2massets/[22m[36mCloseButton-BS_HtqSk.js[39m[1m[2m[22m
[90m│[39m  [2m4.44 kB[22m[1m[22m[2m │ gzip:   1.70 kB[22m
[90m│[39m  [43mVite[49m
[90m│[39m  [2m../../../../../private/var/folders/yj/46014wf90tg5ws6tzn1w0lh00000gn/T/chromatic--60435-Xd2WMx1dg2q6/[22m[2massets/[22m[36mglossInteractive-y5XoOugj.js[39m[1m[2m[22m
[90m│[39m  [2m4.84 kB[22m[1m[22m[2m │ gzip:   2.02 kB[22m
[90m│[39m  [43mVite[49m
[90m│[39m  [2m../../../../../private/var/folders/yj/46014wf90tg5ws6tzn1w0lh00000gn/T/chromatic--60435-Xd2WMx1dg2q6/[22m[2massets/[22m[36mLoading.stories-YP3HeX_p.js[39m[1m[2m[22m
[90m│[39m  [2m4.88 kB[22m[1m[22m[2m │ gzip:   1.72 kB[22m
[90m│[39m  [43mVite[49m
[90m│[39m  [2m../../../../../private/var/folders/yj/46014wf90tg5ws6tzn1w0lh00000gn/T/chromatic--60435-Xd2WMx1dg2q6/[22m[2massets/[22m[36mRipple-0UIeFZbF.js[39m[1m[2m[22m
[90m│[39m  [2m5.05 kB[22m[1m[22m[2m │ gzip:   1.92 kB[22m
[90m│[39m  [43mVite[49m
[90m│[39m  [2m../../../../../private/var/folders/yj/46014wf90tg5ws6tzn1w0lh00000gn/T/chromatic--60435-Xd2WMx1dg2q6/[22m[2massets/[22m[36mjsx-runtime-B_GOFOv9.js[39m[1m[2m[22m
[90m│[39m  [2m5.71 kB[22m[1m[22m[2m │ gzip:   2.44 kB[22m
[90m│[39m  [43mVite[49m
[90m│[39m  [2m../../../../../private/var/folders/yj/46014wf90tg5ws6tzn1w0lh00000gn/T/chromatic--60435-Xd2WMx1dg2q6/[22m[2massets/[22m[36mToggleButton-D7lkwoO6.js[39m[1m[2m[22m
[90m│[39m  [2m5.90 kB[22m[1m[22m[2m │ gzip:   2.34 kB[22m
[90m│[39m  [43mVite[49m
[90m│[39m  [2m../../../../../private/var/folders/yj/46014wf90tg5ws6tzn1w0lh00000gn/T/chromatic--60435-Xd2WMx1dg2q6/[22m[2massets/[22m[36mindex-txPjUzNR.js[39m[1m[2m[22m
[90m│[39m  [2m6.26 kB[22m[1m[22m[2m │ gzip:   2.36 kB[22m
[90m│[39m  [43mVite[49m
[90m│[39m  [2m../../../../../private/var/folders/yj/46014wf90tg5ws6tzn1w0lh00000gn/T/chromatic--60435-Xd2WMx1dg2q6/[22m[2massets/[22m[36mindex-C8MW9KoZ.js[39m[1m[2m[22m
[90m│[39m  [2m6.26 kB[22m[1m[22m[2m │ gzip:   2.07 kB[22m
[90m│[39m  [43mVite[49m
[90m│[39m  [2m../../../../../private/var/folders/yj/46014wf90tg5ws6tzn1w0lh00000gn/T/chromatic--60435-Xd2WMx1dg2q6/[22m[2massets/[22m[36mindex-5ka0PnCc.js[39m[1m[2m[22m
[90m│[39m  [2m6.93 kB[22m[1m[22m[2m │ gzip:   2.19 kB[22m
[90m│[39m  [43mVite[49m
[90m│[39m  [2m../../../../../private/var/folders/yj/46014wf90tg5ws6tzn1w0lh00000gn/T/chromatic--60435-Xd2WMx1dg2q6/[22m[2massets/[22m[36mForm.stories-bWpstoEn.js[39m[1m[2m[22m
[90m│[39m  [2m6.96 kB[22m[1m[22m[2m │ gzip:   2.76 kB[22m
[90m│[39m  [43mVite[49m
[90m│[39m  [2m../../../../../private/var/folders/yj/46014wf90tg5ws6tzn1w0lh00000gn/T/chromatic--60435-Xd2WMx1dg2q6/[22m[2massets/[22m[36mToggleButton.stories-cQjX71i8.js[39m[1m[2m[22m
[90m│[39m  [2m7.29 kB[22m[1m[22m[2m │ gzip:   2.42 kB[22m
[90m│[39m  [43mVite[49m
[90m│[39m  [2m../../../../../private/var/folders/yj/46014wf90tg5ws6tzn1w0lh00000gn/T/chromatic--60435-Xd2WMx1dg2q6/[22m[2massets/[22m[36mhasCompoundChild-CH9NrH8F.js[39m[1m[2m[22m
[90m│[39m  [2m7.38 kB[22m[1m[22m[2m │ gzip:   2.30 kB[22m
[90m│[39m  [43mVite[49m
[90m│[39m  [2m../../../../../private/var/folders/yj/46014wf90tg5ws6tzn1w0lh00000gn/T/chromatic--60435-Xd2WMx1dg2q6/[22m[2massets/[22m[36mindex-DbL0JKlz.js[39m[1m[2m[22m
[90m│[39m  [2m8.76 kB[22m[1m[22m[2m │ gzip:   3.22 kB[22m
[90m│[39m  [43mVite[49m
[90m│[39m  [2m../../../../../private/var/folders/yj/46014wf90tg5ws6tzn1w0lh00000gn/T/chromatic--60435-Xd2WMx1dg2q6/[22m[2massets/[22m[36mindex-DeRs43kO.js[39m[1m[2m[22m
[90m│[39m  [2m8.88 kB[22m[1m[22m[2m │ gzip:   2.92 kB[22m
[90m│[39m  [43mVite[49m
[90m│[39m  [2m../../../../../private/var/folders/yj/46014wf90tg5ws6tzn1w0lh00000gn/T/chromatic--60435-Xd2WMx1dg2q6/[22m[2massets/[22m[36mindex-B2Ie4Vry.js[39m[1m[2m[22m
[90m│[39m  [2m8.95 kB[22m[1m[22m[2m │ gzip:   2.97 kB[22m
[90m│[39m  [43mVite[49m
[90m│[39m  [2m../../../../../private/var/folders/yj/46014wf90tg5ws6tzn1w0lh00000gn/T/chromatic--60435-Xd2WMx1dg2q6/[22m[2massets/[22m[36mCloseButton.stories-esp9nvM_.js[39m[1m[2m[22m
[90m│[39m  [2m9.29 kB[22m[1m[22m[2m │ gzip:   2.44 kB[22m
[90m│[39m  [43mVite[49m
[90m│[39m  [2m../../../../../private/var/folders/yj/46014wf90tg5ws6tzn1w0lh00000gn/T/chromatic--60435-Xd2WMx1dg2q6/[22m[2massets/[22m[36mindex-C9ImhxQD.js[39m[1m[2m[22m
[90m│[39m  [2m9.59 kB[22m[1m[22m[2m │ gzip:   3.08 kB[22m
[90m│[39m  [43mVite[49m
[90m│[39m  [2m../../../../../private/var/folders/yj/46014wf90tg5ws6tzn1w0lh00000gn/T/chromatic--60435-Xd2WMx1dg2q6/[22m[2massets/[22m[36mCheckboxGroup.stories-DAlWWgzk.js[39m[1m[2m[22m
[90m│[39m  [2m9.60 kB[22m[1m[22m[2m │ gzip:   2.48 kB[22m
[90m│[39m  [43mVite[49m
[90m│[39m  [2m../../../../../private/var/folders/yj/46014wf90tg5ws6tzn1w0lh00000gn/T/chromatic--60435-Xd2WMx1dg2q6/[22m[2massets/[22m[36mindex-Cv35PDyz.js[39m[1m[2m[22m
[90m│[39m  [2m9.70 kB[22m[1m[22m[2m │ gzip:   3.29 kB[22m
[90m│[39m  [43mVite[49m
[90m│[39m  [2m../../../../../private/var/folders/yj/46014wf90tg5ws6tzn1w0lh00000gn/T/chromatic--60435-Xd2WMx1dg2q6/[22m[2massets/[22m[36mSearchInput-BEtrHadM.js[39m[1m[2m[22m
[90m│[39m  [2m10.04 kB[22m[1m[22m[2m │ gzip:   3.88 kB[22m
[90m│[39m  [43mVite[49m
[90m│[39m  [2m../../../../../private/var/folders/yj/46014wf90tg5ws6tzn1w0lh00000gn/T/chromatic--60435-Xd2WMx1dg2q6/[22m[2massets/[22m[36mindex-fhsnLyEi.js[39m[1m[2m[22m
[90m│[39m  [2m10.09 kB[22m[1m[22m[2m │ gzip:   3.63 kB[22m
[90m│[39m  [43mVite[49m
[90m│[39m  [2m../../../../../private/var/folders/yj/46014wf90tg5ws6tzn1w0lh00000gn/T/chromatic--60435-Xd2WMx1dg2q6/[22m[2massets/[22m[36mRadio.stories-ontYK6Dd.js[39m[1m[2m[22m
[90m│[39m  [2m10.13 kB[22m[1m[22m[2m │ gzip:   3.06 kB[22m
[90m│[39m  [43mVite[49m
[90m│[39m  [2m../../../../../private/var/folders/yj/46014wf90tg5ws6tzn1w0lh00000gn/T/chromatic--60435-Xd2WMx1dg2q6/[22m[2massets/[22m[36mLink.stories-CD4RIRha.js[39m[1m[2m[22m
[90m│[39m  [2m10.64 kB[22m[1m[22m[2m │ gzip:   3.48 kB[22m
[90m│[39m  [43mVite[49m
[90m│[39m  [2m../../../../../private/var/folders/yj/46014wf90tg5ws6tzn1w0lh00000gn/T/chromatic--60435-Xd2WMx1dg2q6/[22m[2massets/[22m[36mListBox.stories-Ji6VIPum.js[39m[1m[2m[22m
[90m│[39m  [2m10.66 kB[22m[1m[22m[2m │ gzip:   3.22 kB[22m
[90m│[39m  [43mVite[49m
[90m│[39m  [2m../../../../../private/var/folders/yj/46014wf90tg5ws6tzn1w0lh00000gn/T/chromatic--60435-Xd2WMx1dg2q6/[22m[2massets/[22m[36mindex-CZM-Aa72.js[39m[1m[2m[22m
[90m│[39m  [2m10.68 kB[22m[1m[22m[2m │ gzip:   3.74 kB[22m
[90m│[39m  [43mVite[49m
[90m│[39m  [2m../../../../../private/var/folders/yj/46014wf90tg5ws6tzn1w0lh00000gn/T/chromatic--60435-Xd2WMx1dg2q6/[22m[2massets/[22m[36mAlert.stories-D6yLbpte.js[39m[1m[2m[22m
[90m│[39m  [2m10.71 kB[22m[1m[22m[2m │ gzip:   3.42 kB[22m
[90m│[39m  [43mVite[49m
[90m│[39m  [2m../../../../../private/var/folders/yj/46014wf90tg5ws6tzn1w0lh00000gn/T/chromatic--60435-Xd2WMx1dg2q6/[22m[2massets/[22m[36mField.stories-B_zCJWt4.js[39m[1m[2m[22m
[90m│[39m  [2m10.87 kB[22m[1m[22m[2m │ gzip:   3.40 kB[22m
[90m│[39m  [43mVite[49m
[90m│[39m  [2m../../../../../private/var/folders/yj/46014wf90tg5ws6tzn1w0lh00000gn/T/chromatic--60435-Xd2WMx1dg2q6/[22m[2massets/[22m[36mPagination.stories-DFLSB5dP.js[39m[1m[2m[22m
[90m│[39m  [2m10.98 kB[22m[1m[22m[2m │ gzip:   2.62 kB[22m
[90m│[39m  [43mVite[49m
[90m│[39m  [2m../../../../../private/var/folders/yj/46014wf90tg5ws6tzn1w0lh00000gn/T/chromatic--60435-Xd2WMx1dg2q6/[22m[2massets/[22m[36mAvatar.stories-DEq4k1u9.js[39m[1m[2m[22m
[90m│[39m  [2m11.18 kB[22m[1m[22m[2m │ gzip:   3.10 kB[22m
[90m│[39m  [43mVite[49m
[90m│[39m  [2m../../../../../private/var/folders/yj/46014wf90tg5ws6tzn1w0lh00000gn/T/chromatic--60435-Xd2WMx1dg2q6/[22m[2massets/[22m[36mAccordion.stories-CEM6fEHB.js[39m[1m[2m[22m
[90m│[39m  [2m11.32 kB[22m[1m[22m[2m │ gzip:   3.75 kB[22m
[90m│[39m  [43mVite[49m
[90m│[39m  [2m../../../../../private/var/folders/yj/46014wf90tg5ws6tzn1w0lh00000gn/T/chromatic--60435-Xd2WMx1dg2q6/[22m[2massets/[22m[36mindex-DtZ_p9gj.js[39m[1m[2m[22m
[90m│[39m  [2m11.35 kB[22m[1m[22m[2m │ gzip:   3.43 kB[22m
[90m│[39m  [43mVite[49m
[90m│[39m  [2m../../../../../private/var/folders/yj/46014wf90tg5ws6tzn1w0lh00000gn/T/chromatic--60435-Xd2WMx1dg2q6/[22m[2massets/[22m[36mSearchInput.stories-CstC4gXA.js[39m[1m[2m[22m
[90m│[39m  [2m11.37 kB[22m[1m[22m[2m │ gzip:   3.73 kB[22m
[90m│[39m  [43mVite[49m
[90m│[39m  [2m../../../../../private/var/folders/yj/46014wf90tg5ws6tzn1w0lh00000gn/T/chromatic--60435-Xd2WMx1dg2q6/[22m[2massets/[22m[36mindex-cxNcdNNW.js[39m[1m[2m[22m
[90m│[39m  [2m13.38 kB[22m[1m[22m[2m │ gzip:   4.17 kB[22m
[90m│[39m  [43mVite[49m
[90m│[39m  [2m../../../../../private/var/folders/yj/46014wf90tg5ws6tzn1w0lh00000gn/T/chromatic--60435-Xd2WMx1dg2q6/[22m[2massets/[22m[36mCheckbox.stories-DBb8uJW9.js[39m[1m[2m[22m
[90m│[39m  [2m13.61 kB[22m[1m[22m[2m │ gzip:   3.72 kB[22m
[90m│[39m  [43mVite[49m
[90m│[39m  [2m../../../../../private/var/folders/yj/46014wf90tg5ws6tzn1w0lh00000gn/T/chromatic--60435-Xd2WMx1dg2q6/[22m[2massets/[22m[36mSurface.stories-CiJ-iCUT.js[39m[1m[2m[22m
[90m│[39m  [2m13.69 kB[22m[1m[22m[2m │ gzip:   3.67 kB[22m
[90m│[39m  [43mVite[49m
[90m│[39m  [2m../../../../../private/var/folders/yj/46014wf90tg5ws6tzn1w0lh00000gn/T/chromatic--60435-Xd2WMx1dg2q6/[22m[2massets/[22m[36mExpandable.stories-CJG0dfij.js[39m[1m[2m[22m
[90m│[39m  [2m13.76 kB[22m[1m[22m[2m │ gzip:   3.74 kB[22m
[90m│[39m  [43mVite[49m
[90m│[39m  [2m../../../../../private/var/folders/yj/46014wf90tg5ws6tzn1w0lh00000gn/T/chromatic--60435-Xd2WMx1dg2q6/[22m[2massets/[22m[36mToggleButtonGroup.stories-Dtkj1frV.js[39m[1m[2m[22m
[90m│[39m  [2m13.85 kB[22m[1m[22m[2m │ gzip:   4.53 kB[22m
[90m│[39m  [43mVite[49m
[90m│[39m  [2m../../../../../private/var/folders/yj/46014wf90tg5ws6tzn1w0lh00000gn/T/chromatic--60435-Xd2WMx1dg2q6/[22m[2massets/[22m[36mButton-CAY5YvaB.js[39m[1m[2m[22m
[90m│[39m  [2m13.88 kB[22m[1m[22m[2m │ gzip:   4.54 kB[22m
[90m│[39m  [43mVite[49m
[90m│[39m  [2m../../../../../private/var/folders/yj/46014wf90tg5ws6tzn1w0lh00000gn/T/chromatic--60435-Xd2WMx1dg2q6/[22m[2massets/[22m[36mindex-DQ3zgb3Z.js[39m[1m[2m[22m
[90m│[39m  [2m13.98 kB[22m[1m[22m[2m │ gzip:   4.48 kB[22m
[90m│[39m  [43mVite[49m
[90m│[39m  [2m../../../../../private/var/folders/yj/46014wf90tg5ws6tzn1w0lh00000gn/T/chromatic--60435-Xd2WMx1dg2q6/[22m[2massets/[22m[36mindex-hDNhUsTz.js[39m[1m[2m[22m
[90m│[39m  [2m14.00 kB[22m[1m[22m[2m │ gzip:   5.15 kB[22m
[90m│[39m  [43mVite[49m
[90m│[39m  [2m../../../../../private/var/folders/yj/46014wf90tg5ws6tzn1w0lh00000gn/T/chromatic--60435-Xd2WMx1dg2q6/[22m[2massets/[22m[36mSkeleton.stories-Cxr22Om2.js[39m[1m[2m[22m
[90m│[39m  [2m15.11 kB[22m[1m[22m[2m │ gzip:   3.42 kB[22m
[90m│[39m  [43mVite[49m
[90m│[39m  [2m../../../../../private/var/folders/yj/46014wf90tg5ws6tzn1w0lh00000gn/T/chromatic--60435-Xd2WMx1dg2q6/[22m[2massets/[22m[36mPopover.stories-CZIvaj5W.js[39m[1m[2m[22m
[90m│[39m  [2m15.26 kB[22m[1m[22m[2m │ gzip:   4.30 kB[22m
[90m│[39m  [43mVite[49m
[90m│[39m  [2m../../../../../private/var/folders/yj/46014wf90tg5ws6tzn1w0lh00000gn/T/chromatic--60435-Xd2WMx1dg2q6/[22m[2massets/[22m[36mButton.stories-BZaY8djx.js[39m[1m[2m[22m
[90m│[39m  [2m15.83 kB[22m[1m[22m[2m │ gzip:   3.93 kB[22m
[90m│[39m  [43mVite[49m
[90m│[39m  [2m../../../../../private/var/folders/yj/46014wf90tg5ws6tzn1w0lh00000gn/T/chromatic--60435-Xd2WMx1dg2q6/[22m[2massets/[22m[36mComboBox.stories-BQfhAZzk.js[39m[1m[2m[22m
[90m│[39m  [2m17.25 kB[22m[1m[22m[2m │ gzip:   4.65 kB[22m
[90m│[39m  [43mVite[49m
[90m│[39m  [2m../../../../../private/var/folders/yj/46014wf90tg5ws6tzn1w0lh00000gn/T/chromatic--60435-Xd2WMx1dg2q6/[22m[2massets/[22m[36mButtonGroup.stories-By80j7Qg.js[39m[1m[2m[22m
[90m│[39m  [2m17.42 kB[22m[1m[22m[2m │ gzip:   5.02 kB[22m
[90m│[39m  [43mVite[49m
[90m│[39m  [2m../../../../../private/var/folders/yj/46014wf90tg5ws6tzn1w0lh00000gn/T/chromatic--60435-Xd2WMx1dg2q6/[22m[2massets/[22m[36mBreadcrumbs.stories-DZvWfmyh.js[39m[1m[2m[22m
[90m│[39m  [2m17.67 kB[22m[1m[22m[2m │ gzip:   4.56 kB[22m
[90m│[39m  [43mVite[49m
[90m│[39m  [2m../../../../../private/var/folders/yj/46014wf90tg5ws6tzn1w0lh00000gn/T/chromatic--60435-Xd2WMx1dg2q6/[22m[2massets/[22m[36mindex-HOkWx73p.js[39m[1m[2m[22m
[90m│[39m  [2m17.77 kB[22m[1m[22m[2m │ gzip:   5.34 kB[22m
[90m│[39m  [43mVite[49m
[90m│[39m  [2m../../../../../private/var/folders/yj/46014wf90tg5ws6tzn1w0lh00000gn/T/chromatic--60435-Xd2WMx1dg2q6/[22m[2massets/[22m[36mTooltip.stories-DcGdq6hE.js[39m[1m[2m[22m
[90m│[39m  [2m17.84 kB[22m[1m[22m[2m │ gzip:   4.42 kB[22m
[90m│[39m  [43mVite[49m
[90m│[39m  [2m../../../../../private/var/folders/yj/46014wf90tg5ws6tzn1w0lh00000gn/T/chromatic--60435-Xd2WMx1dg2q6/[22m[2massets/[22m[36mTextArea.stories-DYG_SPqd.js[39m[1m[2m[22m
[90m│[39m  [2m17.97 kB[22m[1m[22m[2m │ gzip:   5.68 kB[22m
[90m│[39m  [43mVite[49m
[90m│[39m  [2m../../../../../private/var/folders/yj/46014wf90tg5ws6tzn1w0lh00000gn/T/chromatic--60435-Xd2WMx1dg2q6/[22m[2massets/[22m[36mTabs.stories-DkDYzSfk.js[39m[1m[2m[22m
[90m│[39m  [2m18.24 kB[22m[1m[22m[2m │ gzip:   6.04 kB[22m
[90m│[39m  [43mVite[49m
[90m│[39m  [2m../../../../../private/var/folders/yj/46014wf90tg5ws6tzn1w0lh00000gn/T/chromatic--60435-Xd2WMx1dg2q6/[22m[2massets/[22m[36mAlertDialog.stories-BleugLbM.js[39m[1m[2m[22m
[90m│[39m  [2m18.25 kB[22m[1m[22m[2m │ gzip:   6.00 kB[22m
[90m│[39m  [43mVite[49m
[90m│[39m  [2m../../../../../private/var/folders/yj/46014wf90tg5ws6tzn1w0lh00000gn/T/chromatic--60435-Xd2WMx1dg2q6/[22m[2massets/[22m[36mInput.stories-BQAeQ6TN.js[39m[1m[2m[22m
[90m│[39m  [2m18.57 kB[22m[1m[22m[2m │ gzip:   4.54 kB[22m
[90m│[39m  [43mVite[49m
[90m│[39m  [2m../../../../../private/var/folders/yj/46014wf90tg5ws6tzn1w0lh00000gn/T/chromatic--60435-Xd2WMx1dg2q6/[22m[2massets/[22m[36mRipple.stories-CsU7Wkgx.js[39m[1m[2m[22m
[90m│[39m  [2m18.70 kB[22m[1m[22m[2m │ gzip:   4.69 kB[22m
[90m│[39m  [43mVite[49m
[90m│[39m  [2m../../../../../private/var/folders/yj/46014wf90tg5ws6tzn1w0lh00000gn/T/chromatic--60435-Xd2WMx1dg2q6/[22m[2massets/[22m[36mMeter.stories-Bfxg7LSe.js[39m[1m[2m[22m
[90m│[39m  [2m19.82 kB[22m[1m[22m[2m │ gzip:   5.88 kB[22m
[90m│[39m  [43mVite[49m
[90m│[39m  [2m../../../../../private/var/folders/yj/46014wf90tg5ws6tzn1w0lh00000gn/T/chromatic--60435-Xd2WMx1dg2q6/[22m[2massets/[22m[36mProgressBar.stories-AufT6xjA.js[39m[1m[2m[22m
[90m│[39m  [2m19.98 kB[22m[1m[22m[2m │ gzip:   5.85 kB[22m
[90m│[39m  [43mVite[49m
[90m│[39m  [2m../../../../../private/var/folders/yj/46014wf90tg5ws6tzn1w0lh00000gn/T/chromatic--60435-Xd2WMx1dg2q6/[22m[2massets/[22m[36mRadioGroup.stories-BjeeRM6y.js[39m[1m[2m[22m
[90m│[39m  [2m21.17 kB[22m[1m[22m[2m │ gzip:   5.49 kB[22m
[90m│[39m  [43mVite[49m
[90m│[39m  [2m../../../../../private/var/folders/yj/46014wf90tg5ws6tzn1w0lh00000gn/T/chromatic--60435-Xd2WMx1dg2q6/[22m[2massets/[22m[36mDialog.stories-9p4quVc0.js[39m[1m[2m[22m
[90m│[39m  [2m23.75 kB[22m[1m[22m[2m │ gzip:   5.95 kB[22m
[90m│[39m  [43mVite[49m
[90m│[39m  [2m../../../../../private/var/folders/yj/46014wf90tg5ws6tzn1w0lh00000gn/T/chromatic--60435-Xd2WMx1dg2q6/[22m[2massets/[22m[36mindex-exTof-Re.js[39m[1m[2m[22m
[90m│[39m  [2m23.91 kB[22m[1m[22m[2m │ gzip:   6.58 kB[22m
[90m│[39m  [43mVite[49m
[90m│[39m  [2m../../../../../private/var/folders/yj/46014wf90tg5ws6tzn1w0lh00000gn/T/chromatic--60435-Xd2WMx1dg2q6/[22m[2massets/[22m[36mBadge.stories-DDyR3ZoB.js[39m[1m[2m[22m
[90m│[39m  [2m27.05 kB[22m[1m[22m[2m │ gzip:   6.17 kB[22m
[90m│[39m  [43mVite[49m
[90m│[39m  [2m../../../../../private/var/folders/yj/46014wf90tg5ws6tzn1w0lh00000gn/T/chromatic--60435-Xd2WMx1dg2q6/[22m[36mvite-inject-mocker-entry.js[39m[1m[2m[22m
[90m│[39m  [2m28.53 kB[22m[1m[22m[2m │ gzip:   9.94 kB[22m
[90m│[39m  [43mVite[49m
[90m│[39m  [2m../../../../../private/var/folders/yj/46014wf90tg5ws6tzn1w0lh00000gn/T/chromatic--60435-Xd2WMx1dg2q6/[22m[2massets/[22m[36mTimeField.stories-DC6Lejo2.js[39m[1m[2m[22m
[90m│[39m  [2m28.63 kB[22m[1m[22m[2m │ gzip:   8.02 kB[22m
[90m│[39m  [43mVite[49m
[90m│[39m  [2m../../../../../private/var/folders/yj/46014wf90tg5ws6tzn1w0lh00000gn/T/chromatic--60435-Xd2WMx1dg2q6/[22m[2massets/[22m[36mcn-CZQNCX-g.js[39m[1m[2m[22m
[90m│[39m  [2m28.74 kB[22m[1m[22m[2m │ gzip:   9.05 kB[22m
[90m│[39m  [43mVite[49m
[90m│[39m  [2m../../../../../private/var/folders/yj/46014wf90tg5ws6tzn1w0lh00000gn/T/chromatic--60435-Xd2WMx1dg2q6/[22m[2massets/[22m[36mDrawer.stories-FEib6opj.js[39m[1m[2m[22m
[90m│[39m  [2m29.47 kB[22m[1m[22m[2m │ gzip:   7.32 kB[22m
[90m│[39m  [43mVite[49m
[90m│[39m  [2m../../../../../private/var/folders/yj/46014wf90tg5ws6tzn1w0lh00000gn/T/chromatic--60435-Xd2WMx1dg2q6/[22m[2massets/[22m[36mToast.stories-BAsGm72X.js[39m[1m[2m[22m
[90m│[39m  [2m29.49 kB[22m[1m[22m[2m │ gzip:   8.72 kB[22m
[90m│[39m  [43mVite[49m
[90m│[39m  [2m../../../../../private/var/folders/yj/46014wf90tg5ws6tzn1w0lh00000gn/T/chromatic--60435-Xd2WMx1dg2q6/[22m[2massets/[22m[36mmatchers-JIUQ3HVY-T3xScrR7.js[39m[1m[2m[22m
[90m│[39m  [2m29.81 kB[22m[1m[22m[2m │ gzip:  10.30 kB[22m
[90m│[39m  [43mVite[49m
[90m│[39m  [2m../../../../../private/var/folders/yj/46014wf90tg5ws6tzn1w0lh00000gn/T/chromatic--60435-Xd2WMx1dg2q6/[22m[2massets/[22m[36mCalendar.stories-nbW-Os2b.js[39m[1m[2m[22m
[90m│[39m  [2m30.07 kB[22m[1m[22m[2m │ gzip:   8.10 kB[22m
[90m│[39m  [43mVite[49m
[90m│[39m  [2m../../../../../private/var/folders/yj/46014wf90tg5ws6tzn1w0lh00000gn/T/chromatic--60435-Xd2WMx1dg2q6/[22m[2massets/[22m[36mColor-KMSTOMOX-oPqhZ1C_.js[39m[1m[2m[22m
[90m│[39m  [2m30.41 kB[22m[1m[22m[2m │ gzip:  11.52 kB[22m
[90m│[39m  [43mVite[49m
[90m│[39m  [2m../../../../../private/var/folders/yj/46014wf90tg5ws6tzn1w0lh00000gn/T/chromatic--60435-Xd2WMx1dg2q6/[22m[2massets/[22m[36mDropdown.stories-Cn6V4bVO.js[39m[1m[2m[22m
[90m│[39m  [2m32.00 kB[22m[1m[22m[2m │ gzip:   5.81 kB[22m
[90m│[39m  [43mVite[49m
[90m│[39m  [2m../../../../../private/var/folders/yj/46014wf90tg5ws6tzn1w0lh00000gn/T/chromatic--60435-Xd2WMx1dg2q6/[22m[2massets/[22m[36mSwitch.stories-C4CN3Huw.js[39m[1m[2m[22m
[90m│[39m  [2m32.47 kB[22m[1m[22m[2m │ gzip:   8.81 kB[22m
[90m│[39m  [43mVite[49m
[90m│[39m  [2m../../../../../private/var/folders/yj/46014wf90tg5ws6tzn1w0lh00000gn/T/chromatic--60435-Xd2WMx1dg2q6/[22m[2massets/[22m[36mSlider.stories-CMPS-aXb.js[39m[1m[2m[22m
[90m│[39m  [2m32.85 kB[22m[1m[22m[2m │ gzip:   9.90 kB[22m
[90m│[39m  [43mVite[49m
[90m│[39m  [2m../../../../../private/var/folders/yj/46014wf90tg5ws6tzn1w0lh00000gn/T/chromatic--60435-Xd2WMx1dg2q6/[22m[2massets/[22m[36mWithTooltip-7X4HQR7L-DxU8HzkI.js[39m[1m[2m[22m
[90m│[39m  [2m33.76 kB[22m[1m[22m[2m │ gzip:  11.91 kB[22m
[90m│[39m  [43mVite[49m
[90m│[39m  [2m../../../../../private/var/folders/yj/46014wf90tg5ws6tzn1w0lh00000gn/T/chromatic--60435-Xd2WMx1dg2q6/[22m[2massets/[22m[36mDisclosure.stories-jtqo9Udf.js[39m[1m[2m[22m
[90m│[39m  [2m36.20 kB[22m[1m[22m[2m │ gzip:   8.37 kB[22m
[90m│[39m  [43mVite[49m
[90m│[39m  [2m../../../../../private/var/folders/yj/46014wf90tg5ws6tzn1w0lh00000gn/T/chromatic--60435-Xd2WMx1dg2q6/[22m[2massets/[22m[36mColorPicker.stories-8c6lppqP.js[39m[1m[2m[22m
[90m│[39m  [2m38.02 kB[22m[1m[22m[2m │ gzip:   9.64 kB[22m
[90m│[39m  [43mVite[49m
[90m│[39m  [2m../../../../../private/var/folders/yj/46014wf90tg5ws6tzn1w0lh00000gn/T/chromatic--60435-Xd2WMx1dg2q6/[22m[2massets/[22m[36mTable.stories-fJnrWR_L.js[39m[1m[2m[22m
[90m│[39m  [2m47.74 kB[22m[1m[22m[2m │ gzip:   9.25 kB[22m
[90m│[39m  [43mVite[49m
[90m│[39m  [2m../../../../../private/var/folders/yj/46014wf90tg5ws6tzn1w0lh00000gn/T/chromatic--60435-Xd2WMx1dg2q6/[22m[2massets/[22m[36mCard.stories-Cvngx9b2.js[39m[1m[2m[22m
[90m│[39m  [2m49.14 kB[22m[1m[22m[2m │ gzip:   9.53 kB[22m
[90m│[39m  [43mVite[49m
[90m│[39m  [2m../../../../../private/var/folders/yj/46014wf90tg5ws6tzn1w0lh00000gn/T/chromatic--60435-Xd2WMx1dg2q6/[22m[2massets/[22m[36msyntaxhighlighter-RTCFPKCB-BHqgMVXG.js[39m[1m[2m[22m
[90m│[39m  [2m78.65 kB[22m[1m[22m[2m │ gzip:  27.57 kB[22m
[90m│[39m  [43mVite[49m
[90m│[39m  [2m../../../../../private/var/folders/yj/46014wf90tg5ws6tzn1w0lh00000gn/T/chromatic--60435-Xd2WMx1dg2q6/[22m[2massets/[22m[36mhoverInteractiveLift-CctVp04E.js[39m[1m[2m[22m
[90m│[39m  [2m82.68 kB[22m[1m[22m[2m │ gzip:  32.90 kB[22m
[90m│[39m  [43mVite[49m
[90m│[39m  [2m../../../../../private/var/folders/yj/46014wf90tg5ws6tzn1w0lh00000gn/T/chromatic--60435-Xd2WMx1dg2q6/[22m[2massets/[22m[36mreact-18-Dwlsl9eR.js[39m[1m[2m[22m
[90m│[39m  [2m355.05 kB[22m[1m[22m[2m │ gzip: 106.89 kB[22m
[90m│[39m  [43mVite[49m
[90m│[39m  [2m../../../../../private/var/folders/yj/46014wf90tg5ws6tzn1w0lh00000gn/T/chromatic--60435-Xd2WMx1dg2q6/[22m[2massets/[22m[36maxe-CQtWjG17.js[39m[1m[33m[39m
[90m│[39m  [33m583.98 kB[39m[22m[2m │ gzip: 160.88 kB[22m
[90m│[39m  [43mVite[49m
[90m│[39m  [2m../../../../../private/var/folders/yj/46014wf90tg5ws6tzn1w0lh00000gn/T/chromatic--60435-Xd2WMx1dg2q6/[22m[2massets/[22m[36mDocsRenderer-JROSPFPF-DZYrmk2u.js[39m[1m[33m[39m
[90m│[39m  [33m855.54 kB[39m[22m[2m │ gzip: 272.99 kB[22m
[90m│[39m  [43mVite[49m
[90m│[39m  [2m../../../../../private/var/folders/yj/46014wf90tg5ws6tzn1w0lh00000gn/T/chromatic--60435-Xd2WMx1dg2q6/[22m[2massets/[22m[36miframe-BT09PIzW.js[39m
[90m│[39m  [36m[39m[1m[33m1,132.97 kB[39m[22m[2m │ gzip: 324.03 kB[22m
[90m│[39m
[33m▲[39m  [43mVite[49m[33m
[90m│[39m  (!) Some chunks are larger than 500 kB after minification. Consider:
[90m│[39m  - Using dynamic import() to code-split the application
[90m│[39m  - Use build.rollupOptions.output.manualChunks to improve chunking:
[90m│[39m  ]8;;https://rollupjs.org/configuration-options/#output-manualchunkshttps://rollupjs.org/configuration-options/#output-manualchunks]8;;
[90m│[39m  - Adjust chunk size limit for this warning via
[90m│[39m  build.chunkSizeWarningLimit.[39m
[90m│[39m  [43mVite[49m [32m✓ built in 6.16s[39m
[90m│[39m
[32m◇[39m  Output directory:
[90m│[39m  /private/var/folders/yj/46014wf90tg5ws6tzn1w0lh00000gn/T/chromatic--60435-Xd2WMx1dg2q6
[90m│[39m
[90m└[39m  Storybook build completed successfully

